[Bootstrap]
SetupTitle=Install
SetupText=Copying Files, please stand by.
CabFile=RISK.CAB
Spawn=Setup1.exe
Uninstal=st6unst.exe
TmpDir=msftqws.pdw
Cabs=1

[Bootstrap Files]
File1=@VB6STKIT.DLL,$(WinSysPathSysFile),,,7/15/00 12:00:00 AM,101888,6.0.84.50
File2=@COMCAT.DLL,$(WinSysPathSysFile),$(DLLSelfRegister),,5/31/98 12:00:00 AM,22288,4.71.1460.1
File3=@stdole2.tlb,$(WinSysPathSysFile),$(TLBRegister),,8/23/01 5:00:00 AM,17920,3.50.5014.0
File4=@asycfilt.dll,$(WinSysPathSysFile),,,8/23/01 5:00:00 AM,77824,3.50.5014.0
File5=@olepro32.dll,$(WinSysPathSysFile),$(DLLSelfRegister),,8/23/01 5:00:00 AM,106496,5.0.5014.0
File6=@oleaut32.dll,$(WinSysPathSysFile),$(DLLSelfRegister),,8/23/01 5:00:00 AM,569344,3.50.5014.0
File7=@msvbvm60.dll,$(WinSysPathSysFile),$(DLLSelfRegister),,8/23/01 5:00:00 AM,1388544,6.0.92.37

[IconGroups]
Group0=RISK
PrivateGroup0=True
Parent0=$(Programs)

[RISK]
Icon1="RISK.exe"
Title1=RISK
StartIn1=$(AppPath)

[Setup]
Title=RISK with Source Code
DefaultDir=$(ProgramFiles)\RISK
AppExe=RISK.exe
AppToUninstall=RISK.exe

[Setup1 Files]
File1=@rules.rtf,$(AppPath),,,11/10/01 10:08:24 AM,197629,0.0.0.0
File2=@WorldDomination.wav,$(AppPath),,,10/20/01 9:10:56 AM,1848056,0.0.0.0
File3=@SMALLEXP.WAV,$(AppPath),,,1/31/96 3:23:54 AM,42328,0.0.0.0
File4=@MEDGUN.WAV,$(AppPath),,,1/31/96 6:13:16 AM,23536,0.0.0.0
File5=@MEDEXPL.WAV,$(AppPath),,,1/31/96 3:26:54 AM,57004,0.0.0.0
File6=@MCHNGUNS.WAV,$(AppPath),,,1/16/96 6:52:30 AM,74172,0.0.0.0
File7=@INFANTRY.WAV,$(AppPath),,,1/29/96 3:34:48 AM,66674,0.0.0.0
File8=@Players DLL functions.rtf,$(AppPath)\Source,,,12/13/01 11:36:40 AM,11356,0.0.0.0
File9=@Image4.jpg,$(AppPath)\cards,,,9/20/01 2:47:56 PM,19434,0.0.0.0
File10=@Risk.zip,$(AppPath)\Source,,,3/7/02 1:15:20 AM,299624,0.0.0.0
File11=@SampleDLL1.dll,$(AppPath),,,12/13/01 12:40:10 PM,204885,0.0.0.0
File12=@SampleDLL1.zip,$(AppPath)\Source,,,12/13/01 12:52:42 PM,14156,0.0.0.0
File13=@RiskBoardVC.zip,$(AppPath)\Source,,,10/7/01 11:54:34 PM,534270,0.0.0.0
File14=@ManagerDLL.zip,$(AppPath)\Source,,,3/7/02 1:16:39 AM,23313,0.0.0.0
File15=@ImageBack.jpg,$(AppPath)\cards,,,9/20/01 2:47:58 PM,21740,0.0.0.0
File16=@Image9.jpg,$(AppPath)\cards,,,9/20/01 2:47:56 PM,18959,0.0.0.0
File17=@Image8.jpg,$(AppPath)\cards,,,9/20/01 2:47:54 PM,20680,0.0.0.0
File18=@Image7.jpg,$(AppPath)\cards,,,9/20/01 2:48:00 PM,19304,0.0.0.0
File19=@Image6.jpg,$(AppPath)\cards,,,9/20/01 2:48:00 PM,20411,0.0.0.0
File20=@Image5.jpg,$(AppPath)\cards,,,9/20/01 2:48:02 PM,17327,0.0.0.0
File21=@Image42.jpg,$(AppPath)\cards,,,9/20/01 2:47:56 PM,18668,0.0.0.0
File22=@Image41.jpg,$(AppPath)\cards,,,9/20/01 2:47:54 PM,19668,0.0.0.0
File23=@Image40.jpg,$(AppPath)\cards,,,9/20/01 2:48:00 PM,16782,0.0.0.0
File24=@Image39.jpg,$(AppPath)\cards,,,9/20/01 2:47:58 PM,18287,0.0.0.0
File25=@Image38.jpg,$(AppPath)\cards,,,9/20/01 2:47:52 PM,13354,0.0.0.0
File26=@Image37.jpg,$(AppPath)\cards,,,9/20/01 2:47:58 PM,17799,0.0.0.0
File27=@Image36.jpg,$(AppPath)\cards,,,9/20/01 2:48:02 PM,16481,0.0.0.0
File28=@Image35.jpg,$(AppPath)\cards,,,9/20/01 2:47:58 PM,14537,0.0.0.0
File29=@Image34.jpg,$(AppPath)\cards,,,9/20/01 2:48:02 PM,15717,0.0.0.0
File30=@Image33.jpg,$(AppPath)\cards,,,9/20/01 2:47:54 PM,14410,0.0.0.0
File31=@Image32.jpg,$(AppPath)\cards,,,9/20/01 2:47:52 PM,18548,0.0.0.0
File32=@Image31.jpg,$(AppPath)\cards,,,9/20/01 2:47:52 PM,19843,0.0.0.0
File33=@Image30.jpg,$(AppPath)\cards,,,9/20/01 2:48:00 PM,17780,0.0.0.0
File34=@Image3.jpg,$(AppPath)\cards,,,9/20/01 2:48:00 PM,16973,0.0.0.0
File35=@Image29.jpg,$(AppPath)\cards,,,9/20/01 2:47:54 PM,15827,0.0.0.0
File36=@Image28.jpg,$(AppPath)\cards,,,9/20/01 2:47:54 PM,18727,0.0.0.0
File37=@Image27.jpg,$(AppPath)\cards,,,9/20/01 2:48:00 PM,16312,0.0.0.0
File38=@Image26.jpg,$(AppPath)\cards,,,9/20/01 2:47:56 PM,22085,0.0.0.0
File39=@Image25.jpg,$(AppPath)\cards,,,9/20/01 2:48:02 PM,21241,0.0.0.0
File40=@Image24.jpg,$(AppPath)\cards,,,9/20/01 2:47:52 PM,20436,0.0.0.0
File41=@Image23.jpg,$(AppPath)\cards,,,9/20/01 2:47:52 PM,20649,0.0.0.0
File42=@Image22.jpg,$(AppPath)\cards,,,9/20/01 2:48:00 PM,17856,0.0.0.0
File43=@Image21.jpg,$(AppPath)\cards,,,9/20/01 2:48:02 PM,20993,0.0.0.0
File44=@Image20.jpg,$(AppPath)\cards,,,9/20/01 2:47:58 PM,12902,0.0.0.0
File45=@Image2.jpg,$(AppPath)\cards,,,9/20/01 2:47:56 PM,17507,0.0.0.0
File46=@Image19.jpg,$(AppPath)\cards,,,9/20/01 2:47:50 PM,18230,0.0.0.0
File47=@Image18.jpg,$(AppPath)\cards,,,9/20/01 2:47:52 PM,19425,0.0.0.0
File48=@Image17.jpg,$(AppPath)\cards,,,9/20/01 2:47:54 PM,17471,0.0.0.0
File49=@Image16.jpg,$(AppPath)\cards,,,9/20/01 2:47:58 PM,14051,0.0.0.0
File50=@Image15.jpg,$(AppPath)\cards,,,9/20/01 2:47:56 PM,18985,0.0.0.0
File51=@Image14.jpg,$(AppPath)\cards,,,9/20/01 2:47:54 PM,18893,0.0.0.0
File52=@Image13.jpg,$(AppPath)\cards,,,9/20/01 2:47:52 PM,15953,0.0.0.0
File53=@Image12.jpg,$(AppPath)\cards,,,9/20/01 2:47:56 PM,17664,0.0.0.0
File54=@Image11.jpg,$(AppPath)\cards,,,9/20/01 2:47:50 PM,12713,0.0.0.0
File55=@Image10.jpg,$(AppPath)\cards,,,9/20/01 2:47:58 PM,16681,0.0.0.0
File56=@Image1.jpg,$(AppPath)\cards,,,9/20/01 2:47:50 PM,16356,0.0.0.0
File57=@Image0.jpg,$(AppPath)\cards,,,9/20/01 2:48:02 PM,16108,0.0.0.0
File58=@RiskBoard.jpg,$(AppPath),,,10/7/01 1:40:38 PM,477635,0.0.0.0
File59=@Country List.txt,$(AppPath),,,8/29/01 12:19:22 PM,408,0.0.0.0
File60=@Country Data.dat,$(AppPath),,,8/30/01 9:42:26 AM,40572,0.0.0.0
File61=@Soldier Yellow 24 bit.bmp,$(AppPath),,,8/30/01 7:48:00 AM,10854,0.0.0.0
File62=@Soldier Red 24 bit.bmp,$(AppPath),,,8/30/01 7:48:00 AM,10854,0.0.0.0
File63=@Soldier Purple 24 bit.bmp,$(AppPath),,,8/30/01 7:48:00 AM,10854,0.0.0.0
File64=@Soldier Green 24 bit.bmp,$(AppPath),,,8/30/01 7:48:00 AM,10854,0.0.0.0
File65=@Soldier Blue 24 bit.bmp,$(AppPath),,,8/30/01 7:48:00 AM,10854,0.0.0.0
File66=@Soldier Black 24 bit.bmp,$(AppPath),,,8/30/01 7:48:00 AM,10854,0.0.0.0
File67=@Soldier 1 Yellow 24 bit.bmp,$(AppPath),,,8/30/01 11:55:22 AM,9294,0.0.0.0
File68=@Soldier 1 Red 24 bit.bmp,$(AppPath),,,8/30/01 11:57:56 AM,9294,0.0.0.0
File69=@Soldier 1 Purple 24 bit.bmp,$(AppPath),,,8/30/01 11:56:50 AM,9294,0.0.0.0
File70=@Soldier 1 Green 24 bit.bmp,$(AppPath),,,8/30/01 11:59:04 AM,9294,0.0.0.0
File71=@Soldier 1 Blue 24 bit.bmp,$(AppPath),,,8/30/01 12:00:40 PM,9294,0.0.0.0
File72=@Soldier 1 Black 24 bit.bmp,$(AppPath),,,8/30/01 12:01:54 PM,9294,0.0.0.0
File73=@D6.bmp,$(AppPath),,,9/11/01 1:23:14 PM,3354,0.0.0.0
File74=@D5.bmp,$(AppPath),,,9/11/01 1:19:42 PM,3354,0.0.0.0
File75=@D4.bmp,$(AppPath),,,9/11/01 1:19:54 PM,3354,0.0.0.0
File76=@D3.bmp,$(AppPath),,,9/11/01 1:20:14 PM,3354,0.0.0.0
File77=@D2.bmp,$(AppPath),,,9/11/01 1:20:36 PM,3354,0.0.0.0
File78=@D1.bmp,$(AppPath),,,9/11/01 1:22:28 PM,3354,0.0.0.0
File79=@MSCOMCTL.OCX,$(WinSysPath),$(DLLSelfRegister),$(Shared),5/22/00 12:00:00 AM,1066176,6.0.88.62
File80=@comdlg32.ocx,$(WinSysPath),$(DLLSelfRegister),$(Shared),5/7/99 10:24:22 AM,140288,6.0.84.18
File81=@RiskBoardVC.ocx,$(AppPath),$(DLLSelfRegister),,4/4/02 7:28:47 PM,114688,1.0.0.1
File82=@ManagerDLL.dll,$(AppPath),,,3/4/02 7:40:28 PM,213077,0.0.0.0
File83=@RISK.exe,$(AppPath),,,3/7/02 1:09:12 AM,618496,1.0.0.0

; The following lines may be deleted in order to obtain extra 
; space for customizing this file on a full installation diskette.
; 
; XXXXXXXXXXXXXXXXXXXXXXXXXXXXXXXXXXXXXXXXXXXXXXXXXXXXXXXXXXXX
; XXXXXXXXXXXXXXXXXXXXXXXXXXXXXXXXXXXXXXXXXXXXXXXXXXXXXXXXXXXX
; XXXXXXXXXXXXXXXXXXXXXXXXXXXXXXXXXXXXXXXXXXXXXXXXXXXXXXXXXXXX
; XXXXXXXXXXXXXXXXXXXXXXXXXXXXXXXXXXXXXXXXXXXXXXXXXXXXXXXXXXXX
; XXXXXXXXXXXXXXXXXXXXXXXXXXXXXXXXXXXXXXXXXXXXXXXXXXXXXXXXXXXX
; XXXXXXXXXXXXXXXXXXXXXXXXXXXXXXXXXXXXXXXXXXXXXXXXXXXXXXXXXXXX
; XXXXXXXXXXXXXXXXXXXXXXXXXXXXXXXXXXXXXXXXXXXXXXXXXXXXXXXXXXXX
; XXXXXXXXXXXXXXXXXXXXXXXXXXXXXXXXXXXXXXXXXXXXXXXXXXXXXXXXXXXX
; XXXXXXXXXXXXXXXXXXXXXXXXXXXXXXXXXXXXXXXXXXXXXXXXXXXXXXXXXXXX
; XXXXXXXXXXXXXXXXXXXXXXXXXXXXXXXXXXXXXXXXXXXXXXXXXXXXXXXXXXXX
; XXXXXXXXXXXXXXXXXXXXXXXXXXXXXXXXXXXXXXXXXXXXXXXXXXXXXXXXXXXX
; XXXXXXXXXXXXXXXXXXXXXXXXXXXXXXXXXXXXXXXXXXXXXXXXXXXXXXXXXXXX
; XXXXXXXXXXXXXXXXXXXXXXXXXXXXXXXXXXXXXXXXXXXXXXXXXXXXXXXXXXXX
; XXXXXXXXXXXXXXXXXXXXXXXXXXXXXXXXXXXXXXXXXXXXXXXXXXXXXXXXXXXX
; XXXXXXXXXXXXXXXXXXXXXXXXXXXXXXXXXXXXXXXXXXXXXXXXXXXXXXXXXXXX
; XXXXXXXXXXXXXXXXXXXXXXXXXXXXXXXXXXXXXXXXXXXXXXXXXXXXXXXXXXXX
; XXXXXXXXXXXXXXXXXXXXXXXXXXXXXXXXXXXXXXXXXXXXXXXXXXXXXXXXXXXX
; XXXXXXXXXXXXXXXXXXXXXXXXXXXXXXXXXXXXXXXXXXXXXXXXXXXXXXXXXXXX
; XXXXXXXXXXXXXXXXXXXXXXXXXXXXXXXXXXXXXXXXXXXXXXXXXXXXXXXXXXXX
; XXXXXXXXXXXXXXXXXXXXXXXXXXXXXXXXXXXXXXXXXXXXXXXXXXXXXXXXXXXX
; XXXXXXXXXXXXXXXXXXXXXXXXXXXXXXXXXXXXXXXXXXXXXXXXXXXXXXXXXXXX
; XXXXXXXXXXXXXXXXXXXXXXXXXXXXXXXXXXXXXXXXXXXXXXXXXXXXXXXXXXXX
; XXXXXXXXXXXXXXXXXXXXXXXXXXXXXXXXXXXXXXXXXXXXXXXXXXXXXXXXXXXX
; XXXXXXXXXXXXXXXXXXXXXXXXXXXXXXXXXXXXXXXXXXXXXXXXXXXXXXXXXXXX
; XXXXXXXXXXXXXXXXXXXXXXXXXXXXXXXXXXXXXXXXXXXXXXXXXXXXXXXXXXXX
; XXXXXXXXXXXXXXXXXXXXXXXXXXXXXXXXXXXXXXXXXXXXXXXXXXXXXXXXXXXX
; XXXXXXXXXXXXXXXXXXXXXXXXXXXXXXXXXXXXXXXXXXXXXXXXXXXXXXXXXXXX
; XXXXXXXXXXXXXXXXXXXXXXXXXXXXXXXXXXXXXXXXXXXXXXXXXXXXXXXXXXXX
; XXXXXXXXXXXXXXXXXXXXXXXXXXXXXXXXXXXXXXXXXXXXXXXXXXXXXXXXXXXX
; XXXXXXXXXXXXXXXXXXXXXXXXXXXXXXXXXXXXXXXXXXXXXXXXXXXXXXXXXXXX
; XXXXXXXXXXXXXXXXXXXXXXXXXXXXXXXXXXXXXXXXXXXXXXXXXXXXXXXXXXXX
; XXXXXXXXXXXXXXXXXXXXXXXXXXXXXXXXXXXXXXXXXXXXXXXXXXXXXXXXXXXX
; XXXXXXXXXXXXXXXXXXXXXXXXXXXXXXXXXXXXXXXXXXXXXXXXXXXXXXXXXXXX
; XXXXXXXXXXXXXXXXXXXXXXXXXXXXXXXXXXXXXXXXXXXXXXXXXXXXXXXXXXXX
; XXXXXXXXXXXXXXXXXXXXXXXXXXXXXXXXXXXXXXXXXXXXXXXXXXXXXXXXXXXX
